[    0.000000] Initializing cgroup subsys cpuset
[    0.000000] Initializing cgroup subsys cpu
[    0.000000] Initializing cgroup subsys cpuacct
[    0.000000] Linux version 4.4.0-130-generic (buildd@lgw01-amd64-039) (gcc version 5.4.0 20160609 (Ubuntu 5.4.0-6ubuntu1~16.04.9) ) #156-Ubuntu SMP Thu Jun 14 08:53:28 UTC 2018 (Ubuntu 4.4.0-130.156-generic 4.4.134)
[    0.000000] Command line: BOOT_IMAGE=/boot/vmlinuz-4.4.0-130-generic root=UUID=84e91f24-0077-40f3-aab8-b49b8e1f4506 ro console=tty1 console=ttyS0
[    0.000000] KERNEL supported cpus:
[    0.000000]   Intel GenuineIntel
[    0.000000]   AMD AuthenticAMD
[    0.000000]   Centaur CentaurHauls
[    0.000000] x86/fpu: xstate_offset[2]:  576, xstate_sizes[2]:  256
[    0.000000] x86/fpu: Supporting XSAVE feature 0x01: 'x87 floating point registers'
[    0.000000] x86/fpu: Supporting XSAVE feature 0x02: 'SSE registers'
[    0.000000] x86/fpu: Supporting XSAVE feature 0x04: 'AVX registers'
[    0.000000] x86/fpu: Enabled xstate features 0x7, context size is 832 bytes, using 'standard' format.
[    0.000000] x86/fpu: Using 'eager' FPU context switches.
[    0.000000] e820: BIOS-provided physical RAM map:
[    0.000000] BIOS-e820: [mem 0x0000000000000000-0x000000000009fbff] usable
[    0.000000] BIOS-e820: [mem 0x000000000009fc00-0x000000000009ffff] reserved
[    0.000000] BIOS-e820: [mem 0x00000000000f0000-0x00000000000fffff] reserved
[    0.000000] BIOS-e820: [mem 0x0000000000100000-0x000000003ffeffff] usable
[    0.000000] BIOS-e820: [mem 0x000000003fff0000-0x000000003fffffff] ACPI data
[    0.000000] BIOS-e820: [mem 0x00000000fec00000-0x00000000fec00fff] reserved
[    0.000000] BIOS-e820: [mem 0x00000000fee00000-0x00000000fee00fff] reserved
[    0.000000] BIOS-e820: [mem 0x00000000fffc0000-0x00000000ffffffff] reserved
[    0.000000] NX (Execute Disable) protection: active
[    0.000000] SMBIOS 2.5 present.
[    0.000000] Hypervisor detected: KVM
[    0.000000] e820: last_pfn = 0x3fff0 max_arch_pfn = 0x400000000
[    0.000000] MTRR: Disabled
[    0.000000] x86/PAT: MTRRs disabled, skipping PAT initialization too.
[    0.000000] CPU MTRRs all blank - virtualized system.
[    0.000000] x86/PAT: Configuration [0-7]: WB  WT  UC- UC  WB  WT  UC- UC  
[    0.000000] found SMP MP-table at [mem 0x0009fff0-0x0009ffff] mapped at [ffff88000009fff0]
[    0.000000] Scanning 1 areas for low memory corruption
[    0.000000] RAMDISK: [mem 0x361f0000-0x370effff]
[    0.000000] ACPI: Early table checksum verification disabled
[    0.000000] ACPI: RSDP 0x00000000000E0000 000024 (v02 VBOX  )
[    0.000000] ACPI: XSDT 0x000000003FFF0030 00003C (v01 VBOX   VBOXXSDT 00000001 ASL  00000061)
[    0.000000] ACPI: FACP 0x000000003FFF00F0 0000F4 (v04 VBOX   VBOXFACP 00000001 ASL  00000061)
[    0.000000] ACPI: DSDT 0x000000003FFF0470 0021C8 (v02 VBOX   VBOXBIOS 00000002 INTL 20100528)
[    0.000000] ACPI: FACS 0x000000003FFF0200 000040
[    0.000000] ACPI: FACS 0x000000003FFF0200 000040
[    0.000000] ACPI: APIC 0x000000003FFF0240 00005C (v02 VBOX   VBOXAPIC 00000001 ASL  00000061)
[    0.000000] ACPI: SSDT 0x000000003FFF02A0 0001CC (v01 VBOX   VBOXCPUT 00000002 INTL 20100528)
[    0.000000] No NUMA configuration found
[    0.000000] Faking a node at [mem 0x0000000000000000-0x000000003ffeffff]
[    0.000000] NODE_DATA(0) allocated [mem 0x3ffeb000-0x3ffeffff]
[    0.000000] kvm-clock: Using msrs 4b564d01 and 4b564d00
[    0.000000] kvm-clock: cpu 0, msr 0:3ffe3001, primary cpu clock
[    0.000000] kvm-clock: using sched offset of 3485513336 cycles
[    0.000000] clocksource: kvm-clock: mask: 0xffffffffffffffff max_cycles: 0x1cd42e4dffb, max_idle_ns: 881590591483 ns
[    0.000000] Zone ranges:
[    0.000000]   DMA      [mem 0x0000000000001000-0x0000000000ffffff]
[    0.000000]   DMA32    [mem 0x0000000001000000-0x000000003ffeffff]
[    0.000000]   Normal   empty
[    0.000000]   Device   empty
[    0.000000] Movable zone start for each node
[    0.000000] Early memory node ranges
[    0.000000]   node   0: [mem 0x0000000000001000-0x000000000009efff]
[    0.000000]   node   0: [mem 0x0000000000100000-0x000000003ffeffff]
[    0.000000] Initmem setup node 0 [mem 0x0000000000001000-0x000000003ffeffff]
[    0.000000] ACPI: PM-Timer IO Port: 0x4008
[    0.000000] IOAPIC[0]: apic_id 2, version 32, address 0xfec00000, GSI 0-23
[    0.000000] ACPI: INT_SRC_OVR (bus 0 bus_irq 0 global_irq 2 dfl dfl)
[    0.000000] ACPI: INT_SRC_OVR (bus 0 bus_irq 9 global_irq 9 high level)
[    0.000000] Using ACPI (MADT) for SMP configuration information
[    0.000000] smpboot: Allowing 2 CPUs, 0 hotplug CPUs
[    0.000000] PM: Registered nosave memory: [mem 0x00000000-0x00000fff]
[    0.000000] PM: Registered nosave memory: [mem 0x0009f000-0x0009ffff]
[    0.000000] PM: Registered nosave memory: [mem 0x000a0000-0x000effff]
[    0.000000] PM: Registered nosave memory: [mem 0x000f0000-0x000fffff]
[    0.000000] e820: [mem 0x40000000-0xfebfffff] available for PCI devices
[    0.000000] Booting paravirtualized kernel on KVM
[    0.000000] clocksource: refined-jiffies: mask: 0xffffffff max_cycles: 0xffffffff, max_idle_ns: 7645519600211568 ns
[    0.000000] setup_percpu: NR_CPUS:512 nr_cpumask_bits:512 nr_cpu_ids:2 nr_node_ids:1
[    0.000000] PERCPU: Embedded 34 pages/cpu @ffff88003fc00000 s99544 r8192 d31528 u1048576
[    0.000000] PV qspinlock hash table entries: 256 (order: 0, 4096 bytes)
[    0.000000] Built 1 zonelists in Node order, mobility grouping on.  Total pages: 257912
[    0.000000] Policy zone: DMA32
[    0.000000] Kernel command line: BOOT_IMAGE=/boot/vmlinuz-4.4.0-130-generic root=UUID=84e91f24-0077-40f3-aab8-b49b8e1f4506 ro console=tty1 console=ttyS0
[    0.000000] PID hash table entries: 4096 (order: 3, 32768 bytes)
[    0.000000] Memory: 997156K/1048120K available (8546K kernel code, 1313K rwdata, 4000K rodata, 1516K init, 1316K bss, 50964K reserved, 0K cma-reserved)
[    0.000000] SLUB: HWalign=64, Order=0-3, MinObjects=0, CPUs=2, Nodes=1
[    0.000000] Kernel/User page tables isolation: enabled
[    0.000000] Hierarchical RCU implementation.
[    0.000000] 	Build-time adjustment of leaf fanout to 64.
[    0.000000] 	RCU restricting CPUs from NR_CPUS=512 to nr_cpu_ids=2.
[    0.000000] RCU: Adjusting geometry for rcu_fanout_leaf=64, nr_cpu_ids=2
[    0.000000] NR_IRQS:33024 nr_irqs:440 16
[    0.000000] Console: colour VGA+ 80x25
[    0.000000] console [tty1] enabled
[    0.000000] console [ttyS0] enabled
[    0.000000] tsc: Detected 3392.144 MHz processor
[    4.350872] Calibrating delay loop (skipped) preset value.. 6784.28 BogoMIPS (lpj=13568576)
[    4.546972] pid_max: default: 32768 minimum: 301
[    4.695482] ACPI: Core revision 20150930
[    4.801212] ACPI: 2 ACPI AML tables successfully acquired and loaded
[    4.802177] Security Framework initialized
[    4.802788] Yama: becoming mindful.
[    4.803366] AppArmor: AppArmor initialized
[    4.804033] Dentry cache hash table entries: 131072 (order: 8, 1048576 bytes)
[    4.806041] Inode-cache hash table entries: 65536 (order: 7, 524288 bytes)
[    4.807032] Mount-cache hash table entries: 2048 (order: 2, 16384 bytes)
[    4.807953] Mountpoint-cache hash table entries: 2048 (order: 2, 16384 bytes)
[    4.808999] Initializing cgroup subsys io
[    4.809636] Initializing cgroup subsys memory
[    4.810278] Initializing cgroup subsys devices
[    4.812438] Initializing cgroup subsys freezer
[    4.813127] Initializing cgroup subsys net_cls
[    4.813773] Initializing cgroup subsys perf_event
[    4.833416] Initializing cgroup subsys net_prio
[    4.885937] Initializing cgroup subsys hugetlb
[    4.992453] Initializing cgroup subsys pids
[    5.096496] CPU: Physical Processor ID: 0
[    5.131162] CPU: Processor Core ID: 0
[    5.132572] mce: CPU supports 0 MCE banks
[    5.245025] Last level iTLB entries: 4KB 1024, 2MB 1024, 4MB 1024
[    5.245860] Last level dTLB entries: 4KB 1024, 2MB 1024, 4MB 1024, 1GB 4
[    5.375686] Spectre V2 : Mitigation: Full generic retpoline
[    5.376448] Spectre V2 : Speculation control IBPB not-supported IBRS not-supported
[    5.412507] Speculative Store Bypass: Vulnerable
[    5.415564] Freeing SMP alternatives memory: 32K
[    5.475465] ftrace: allocating 32245 entries in 126 pages
[    5.681363] smpboot: APIC(0) Converting physical 0 to logical package 0
[    5.756425] smpboot: Max logical packages: 1
[    5.757302] x2apic enabled
[    5.757942] Switched APIC routing to physical x2apic.
[    5.759556] ..TIMER: vector=0x30 apic1=0 pin1=2 apic2=-1 pin2=-1
[    5.867799] smpboot: CPU0: Intel(R) Core(TM) i7-4770 CPU @ 3.40GHz (family: 0x6, model: 0x3c, stepping: 0x3)
[    6.114533] Performance Events: unsupported p6 CPU model 60 no PMU driver, software events only.
[    6.367816] KVM setup paravirtual spinlock
[    6.473331] x86: Booting SMP configuration:
[    6.473944] .... node  #0, CPUs:      #1
[    6.476577] kvm-clock: cpu 1, msr 0:3ffe3041, secondary cpu clock
[    6.490490] mce: CPU supports 0 MCE banks
[    6.494163] x86: Booted up 1 node, 2 CPUs
[    6.494945] smpboot: Total of 2 processors activated (13568.57 BogoMIPS)
[    6.541352] devtmpfs: initialized
[    6.563460] evm: security.selinux
[    6.572831] evm: security.SMACK64
[    6.573371] evm: security.SMACK64EXEC
[    6.573959] evm: security.SMACK64TRANSMUTE
[    6.574562] evm: security.SMACK64MMAP
[    6.575126] evm: security.ima
[    6.575621] evm: security.capability
[    6.576426] clocksource: jiffies: mask: 0xffffffff max_cycles: 0xffffffff, max_idle_ns: 7645041785100000 ns
[    6.577872] futex hash table entries: 512 (order: 3, 32768 bytes)
[    6.578816] pinctrl core: initialized pinctrl subsystem
[    6.579632] RTC time: 14:38:08, date: 07/19/18
[    6.610303] NET: Registered protocol family 16
[    6.743875] cpuidle: using governor ladder
[    6.858898] cpuidle: using governor menu
[    6.989160] PCCT header not found.
[    7.087738] ACPI: bus type PCI registered
[    7.088402] acpiphp: ACPI Hot Plug PCI Controller Driver version: 0.5
[    7.104869] PCI: Using configuration type 1 for base access
[    7.288536] ACPI: Added _OSI(Module Device)
[    7.409752] ACPI: Added _OSI(Processor Device)
[    7.540751] ACPI: Added _OSI(3.0 _SCP Extensions)
[    7.602893] ACPI: Added _OSI(Processor Aggregator Device)
[    7.627928] ACPI: Executed 1 blocks of module-level executable AML code
[    7.657191] ACPI: Interpreter enabled
[    7.713491] ACPI: (supports S0 S5)
[    7.714290] ACPI: Using IOAPIC for interrupt routing
[    7.722072] PCI: Using host bridge windows from ACPI; if necessary, use "pci=nocrs" and report a bug
[    7.745024] ACPI: PCI Root Bridge [PCI0] (domain 0000 [bus 00-ff])
[    7.831489] acpi PNP0A03:00: _OSC: OS supports [ASPM ClockPM Segments MSI]
[    7.832408] acpi PNP0A03:00: _OSC failed (AE_NOT_FOUND); disabling ASPM
[    7.850778] acpi PNP0A03:00: fail to add MMCONFIG information, can't access extended PCI configuration space under this bridge.
[    7.852574] PCI host bridge to bus 0000:00
[    7.859231] pci_bus 0000:00: root bus resource [io  0x0000-0x0cf7 window]
[    7.860110] pci_bus 0000:00: root bus resource [io  0x0d00-0xffff window]
[    7.860998] pci_bus 0000:00: root bus resource [mem 0x000a0000-0x000bffff window]
[    7.862110] pci_bus 0000:00: root bus resource [mem 0x40000000-0xffdfffff window]
[    7.894552] pci_bus 0000:00: root bus resource [bus 00-ff]
[    7.896648] pci 0000:00:01.1: legacy IDE quirk: reg 0x10: [io  0x01f0-0x01f7]
[    7.897598] pci 0000:00:01.1: legacy IDE quirk: reg 0x14: [io  0x03f6]
[    7.926796] pci 0000:00:01.1: legacy IDE quirk: reg 0x18: [io  0x0170-0x0177]
[    7.952809] pci 0000:00:01.1: legacy IDE quirk: reg 0x1c: [io  0x0376]
[    7.990198] pci 0000:00:07.0: quirk: [io  0x4000-0x403f] claimed by PIIX4 ACPI
[    8.071280] pci 0000:00:07.0: quirk: [io  0x4100-0x410f] claimed by PIIX4 SMB
[    8.076198] ACPI: PCI Interrupt Link [LNKA] (IRQs 5 9 10 *11)
[    8.099639] ACPI: PCI Interrupt Link [LNKB] (IRQs 5 9 10 *11)
[    8.100807] ACPI: PCI Interrupt Link [LNKC] (IRQs 5 9 *10 11)
[    8.107469] ACPI: PCI Interrupt Link [LNKD] (IRQs 5 *9 10 11)
[    8.111109] ACPI: Enabled 2 GPEs in block 00 to 07
[    8.120965] vgaarb: setting as boot device: PCI:0000:00:02.0
[    8.121771] vgaarb: device added: PCI:0000:00:02.0,decodes=io+mem,owns=io+mem,locks=none
[    8.122946] vgaarb: loaded
[    8.149223] vgaarb: bridge control possible 0000:00:02.0
[    8.175406] SCSI subsystem initialized
[    8.176119] ACPI: bus type USB registered
[    8.197575] usbcore: registered new interface driver usbfs
[    8.198345] usbcore: registered new interface driver hub
[    8.199132] usbcore: registered new device driver usb
[    8.200835] PCI: Using ACPI for IRQ routing
[    8.254066] NetLabel: Initializing
[    8.254623] NetLabel:  domain hash size = 128
[    8.255273] NetLabel:  protocols = UNLABELED CIPSOv4
[    8.255987] NetLabel:  unlabeled traffic allowed by default
[    8.261476] amd_nb: Cannot enumerate AMD northbridges
[    8.262211] clocksource: Switched to clocksource kvm-clock
[    8.269383] AppArmor: AppArmor Filesystem Enabled
[    8.408448] pnp: PnP ACPI init
[    8.409616] pnp: PnP ACPI: found 3 devices
[    8.418180] clocksource: acpi_pm: mask: 0xffffff max_cycles: 0xffffff, max_idle_ns: 2085701024 ns
[    8.474700] NET: Registered protocol family 2
[    8.475492] TCP established hash table entries: 8192 (order: 4, 65536 bytes)
[    8.476446] TCP bind hash table entries: 8192 (order: 5, 131072 bytes)
[    8.477321] TCP: Hash tables configured (established 8192 bind 8192)
[    8.479430] UDP hash table entries: 512 (order: 2, 16384 bytes)
[    8.480226] UDP-Lite hash table entries: 512 (order: 2, 16384 bytes)
[    8.481118] NET: Registered protocol family 1
[    8.481765] pci 0000:00:00.0: Limiting direct PCI/PCI transfers
[    8.482617] pci 0000:00:01.0: Activating ISA DMA hang workarounds
[    8.483538] Unpacking initramfs...
[    8.675404] Freeing initrd memory: 15360K
[    8.734541] RAPL PMU detected, API unit is 2^-32 Joules, 4 fixed counters 10737418240 ms ovfl timer
[    8.861710] hw unit of domain pp0-core 2^-0 Joules
[    8.884135] hw unit of domain package 2^-0 Joules
[    8.884957] hw unit of domain dram 2^-0 Joules
[    8.885681] hw unit of domain pp1-gpu 2^-0 Joules
[    8.886428] platform rtc_cmos: registered platform RTC device (no PNP device found)
[    8.887629] Scanning for low memory corruption every 60 seconds
[    8.911383] audit: initializing netlink subsys (disabled)
[    8.970815] audit: type=2000 audit(1532011087.132:1): initialized
[    9.023368] Initialise system trusted keyring
[    9.053624] HugeTLB registered 2 MB page size, pre-allocated 0 pages
[    9.073516] zbud: loaded
[    9.074319] VFS: Disk quotas dquot_6.6.0
[    9.074938] VFS: Dquot-cache hash table entries: 512 (order 0, 4096 bytes)
[    9.076009] squashfs: version 4.0 (2009/01/31) Phillip Lougher
[    9.077027] fuse init (API version 7.23)
[    9.077760] Key type big_key registered
[    9.078385] Allocating IMA MOK and blacklist keyrings.
[    9.080051] Key type asymmetric registered
[    9.143437] Asymmetric key parser 'x509' registered
[    9.144181] Block layer SCSI generic (bsg) driver version 0.4 loaded (major 249)
[    9.145348] io scheduler noop registered
[    9.145943] io scheduler deadline registered (default)
[    9.184709] io scheduler cfq registered
[    9.185388] pci_hotplug: PCI Hot Plug PCI Core version: 0.5
[    9.226627] pciehp: PCI Express Hot Plug Controller Driver version: 0.4
[    9.252520] ACPI: AC Adapter [AC] (on-line)
[    9.253190] input: Power Button as /devices/LNXSYSTM:00/LNXPWRBN:00/input/input0
[    9.254300] ACPI: Power Button [PWRF]
[    9.284157] input: Sleep Button as /devices/LNXSYSTM:00/LNXSLPBN:00/input/input1
[    9.285269] ACPI: Sleep Button [SLPF]
[    9.285988] GHES: HEST is not enabled!
[    9.300840] Serial: 8250/16550 driver, 32 ports, IRQ sharing enabled
[    9.393458] 00:02: ttyS0 at I/O 0x3f8 (irq = 4, base_baud = 115200) is a 16550A
[    9.506464] Linux agpgart interface v0.103
[    9.509196] loop: module loaded
[    9.515519] scsi host0: ata_piix
[    9.521827] scsi host1: ata_piix
[    9.528099] ata1: PATA max UDMA/33 cmd 0x1f0 ctl 0x3f6 bmdma 0xd000 irq 14
[    9.528990] ata2: PATA max UDMA/33 cmd 0x170 ctl 0x376 bmdma 0xd008 irq 15
[    9.530003] libphy: Fixed MDIO Bus: probed
[    9.533264] tun: Universal TUN/TAP device driver, 1.6
[    9.533960] tun: (C) 1999-2004 Max Krasnyansky <maxk@qualcomm.com>
[    9.534830] PPP generic driver version 2.4.2
[    9.535506] ehci_hcd: USB 2.0 'Enhanced' Host Controller (EHCI) Driver
[    9.536417] ehci-pci: EHCI PCI platform driver
[    9.537122] ehci-platform: EHCI generic platform driver
[    9.538017] ohci_hcd: USB 1.1 'Open' Host Controller (OHCI) Driver
[    9.538853] ohci-pci: OHCI PCI platform driver
[    9.539498] ohci-platform: OHCI generic platform driver
[    9.540219] uhci_hcd: USB Universal Host Controller Interface driver
[    9.541106] i8042: PNP: PS/2 Controller [PNP0303:PS2K,PNP0f03:PS2M] at 0x60,0x64 irq 1,12
[    9.542728] serio: i8042 KBD port at 0x60,0x64 irq 1
[    9.543423] serio: i8042 AUX port at 0x60,0x64 irq 12
[    9.544215] mousedev: PS/2 mouse device common for all mice
[    9.545423] input: AT Translated Set 2 keyboard as /devices/platform/i8042/serio0/input/input2
[    9.547827] rtc_cmos rtc_cmos: rtc core: registered rtc_cmos as rtc0
[    9.548748] rtc_cmos rtc_cmos: alarms up to one day, 114 bytes nvram
[    9.549580] i2c /dev entries driver
[    9.584050] device-mapper: uevent: version 1.0.3
[    9.606964] device-mapper: ioctl: 4.34.0-ioctl (2015-10-28) initialised: dm-devel@redhat.com
[    9.608168] ledtrig-cpu: registered to indicate activity on CPUs
[    9.661125] NET: Registered protocol family 10
[    9.690969] NET: Registered protocol family 17
[    9.691620] Key type dns_resolver registered
[    9.692627] registered taskstats version 1
[    9.710769] Loading compiled-in X.509 certificates
[    9.711956] Loaded X.509 cert 'Build time autogenerated kernel key: b3e0fe4bcd6378c38a2c0a4648abbc1fa5043a22'
[    9.713338] zswap: loaded using pool lzo/zbud
[    9.715716] Key type trusted registered
[    9.741651] Key type encrypted registered
[    9.772692] AppArmor: AppArmor sha1 policy hashing enabled
[    9.773459] ima: No TPM chip found, activating TPM-bypass!
[    9.774212] ima: Allocated hash algorithm: sha1
[    9.792323] evm: HMAC attrs: 0x1
[    9.806970]   Magic number: 10:499:637
[    9.829414] rtc_cmos rtc_cmos: setting system clock to 2018-07-19 14:38:11 UTC (1532011091)
[    9.859187] BIOS EDD facility v0.16 2004-Jun-25, 0 devices found
[    9.862108] EDD information not available.
[    9.884749] Freeing unused kernel memory: 1516K
[    9.916299] tsc: Refined TSC clocksource calibration: 3393.115 MHz
[    9.917154] clocksource: tsc: mask: 0xffffffffffffffff max_cycles: 0x30e8e6badbe, max_idle_ns: 440795324853 ns
[    9.930257] Write protecting the kernel read-only data: 14336k
[   10.029162] Freeing unused kernel memory: 1680K
[   10.094917] Freeing unused kernel memory: 96K
Loading, please [   10.106529] random: systemd-udevd: uninitialized urandom read (16 bytes read, 2 bits of entropy available)
wait...
startin[   10.107342] random: udevadm: uninitialized urandom read (16 bytes read, 2 bits of entropy available)
g version 229
[   10.107361] random: udevadm: uninitialized urandom read (16 bytes read, 2 bits of entropy available)
[   10.117213] random: udevadm: uninitialized urandom read (16 bytes read, 2 bits of entropy available)
[   10.117267] random: udevadm: uninitialized urandom read (16 bytes read, 2 bits of entropy available)
[   10.117425] random: udevadm: uninitialized urandom read (16 bytes read, 2 bits of entropy available)
[   10.117482] random: udevadm: uninitialized urandom read (16 bytes read, 2 bits of entropy available)
[   10.117536] random: udevadm: uninitialized urandom read (16 bytes read, 2 bits of entropy available)
[   10.117591] random: udevadm: uninitialized urandom read (16 bytes read, 2 bits of entropy available)
[   10.117646] random: udevadm: uninitialized urandom read (16 bytes read, 2 bits of entropy available)
[   10.356315] e1000: Intel(R) PRO/1000 Network Driver - version 7.3.21-k8-NAPI
[   10.372383] e1000: Copyright (c) 1999-2006 Intel Corporation.
[   10.382390] Fusion MPT base driver 3.04.20
[   10.390101] Copyright (c) 1999-2008 LSI Corporation
[   10.412164] AVX version of gcm_enc/dec engaged.
[   10.418696] AES CTR mode by8 optimization enabled
[   10.464231] Fusion MPT SPI Host driver 3.04.20
[   10.601556] input: ImExPS/2 Generic Explorer Mouse as /devices/platform/i8042/serio1/input/input4
[   10.773523] e1000 0000:00:03.0 eth0: (PCI:33MHz:32-bit) 02:40:c1:fa:9b:f5
[   10.779865] e1000 0000:00:03.0 eth0: Intel(R) PRO/1000 Network Connection
[   10.790559] mptbase: ioc0: Initiating bringup
[   10.793206] e1000 0000:00:03.0 enp0s3: renamed from eth0
[   10.854519] ioc0: LSI53C1030 A0: Capabilities={Initiator}
[   11.036348] scsi host2: ioc0: LSI53C1030 A0, FwRev=00000000h, Ports=1, MaxQ=256, IRQ=20
[   11.370760] scsi 2:0:0:0: Direct-Access     VBOX     HARDDISK         1.0  PQ: 0 ANSI: 5
[   11.582541] scsi target2:0:0: Beginning Domain Validation
[   11.761745] scsi target2:0:0: Domain Validation skipping write tests
[   11.915343] scsi target2:0:0: Ending Domain Validation
[   12.009073] scsi target2:0:0: asynchronous
[   12.017571] scsi 2:0:1:0: Direct-Access     VBOX     HARDDISK         1.0  PQ: 0 ANSI: 5
[   12.041600] scsi target2:0:1: Beginning Domain Validation
[   12.091796] scsi target2:0:1: Domain Validation skipping write tests
[   12.122183] scsi target2:0:1: Ending Domain Validation
[   12.160921] scsi target2:0:1: asynchronous
[   12.278968] sd 2:0:0:0: Attached scsi generic sg0 type 0
[   12.391187] sd 2:0:0:0: [sda] 20971520 512-byte logical blocks: (10.7 GB/10.0 GiB)
[   12.391401] sd 2:0:1:0: [sdb] 20480 512-byte logical blocks: (10.5 MB/10.0 MiB)
[   12.391492] sd 2:0:1:0: Attached scsi generic sg1 type 0
[   12.391610] sd 2:0:1:0: [sdb] Write Protect is off
[   12.391750] sd 2:0:1:0: [sdb] Incomplete mode parameter data
[   12.391750] sd 2:0:1:0: [sdb] Assuming drive cache: write through
[   12.420320] sd 2:0:1:0: [sdb] Attached SCSI disk
[   12.694043] sd 2:0:0:0: [sda] Write Protect is off
[   12.697907] sd 2:0:0:0: [sda] Incomplete mode parameter data
[   12.700831] sd 2:0:0:0: [sda] Assuming drive cache: write through
[   12.717276]  sda: sda1
[   12.754546] sd 2:0:0:0: [sda] Attached SCSI disk
Begin: Loading e[   14.168378] md: linear personality registered for level -1
ssential drivers[   14.264552] md: multipath personality registered for level -4
 ... [   14.297279] md: raid0 personality registered for level 0
[   14.315840] md: raid1 personality registered for level 1
[   14.434335] raid6: sse2x1   gen() 11015 MB/s
[   14.570375] raid6: sse2x1   xor()  8545 MB/s
[   14.642363] raid6: sse2x2   gen() 14165 MB/s
[   14.810397] raid6: sse2x2   xor()  9249 MB/s
[   14.882396] raid6: sse2x4   gen() 15904 MB/s
[   14.970344] raid6: sse2x4   xor() 10817 MB/s
[   15.067253] raid6: using algorithm sse2x4 gen() 15904 MB/s
[   15.080159] raid6: .... xor() 10817 MB/s, rmw enabled
[   15.167704] raid6: using ssse3x2 recovery algorithm
[   15.188274] xor: automatically using best checksumming function:
[   15.374476]    avx       : 25950.000 MB/sec
[   15.407403] async_tx: api initialized (async)
[   15.414096] md: raid6 personality registered for level 6
[   15.420141] md: raid5 personality registered for level 5
[   15.421957] md: raid4 personality registered for level 4
[   15.428147] md: raid10 personality registered for level 10
done.
Begin: Running /scripts/init-premount ... done.
Begin: Mounting root file syste[   15.462182] Btrfs loaded
m ... Begin: Running /scripts/local-top ... done.
Begin: Running /scripts/local-premount ... Scanning for Btrfs filesystems
done.
Warning: fsck not present, so sk[   15.609015] EXT4-fs (sda1): mounted filesystem with ordered data mode. Opts: (null)
ipping root file system
done.
Begin: Running /scripts/local-bottom ... done.
Begin: Running /scripts/init-bottom ... done.
[   16.584647] systemd[1]: systemd 229 running in system mode. (+PAM +AUDIT +SELINUX +IMA +APPARMOR +SMACK +SYSVINIT +UTMP +LIBCRYPTSETUP +GCRYPT +GNUTLS +ACL +XZ -LZ4 +SECCOMP +BLKID +ELFUTILS +KMOD -IDN)
[   16.607458] systemd[1]: Detected virtualization oracle.
[   16.610813] systemd[1]: Detected architecture x86-64.

Welcome to [1mUbuntu 16.04.4 LTS[0m!

[   16.923304] random: nonblocking pool is initialized
[   17.085530] systemd[1]: Set hostname to <ubuntu-xenial>.
[   18.404542] systemd[1]: Reached target User and Group Name Lookups.
[[0;32m  OK  [0m] Reached target User and Group Name Lookups.
[   18.446705] systemd[1]: Listening on Journal Socket (/dev/log).
[[0;32m  OK  [0m] Listening on Journal Socket (/dev/log).
[   18.568086] systemd[1]: Created slice System Slice.
[[0;32m  OK  [0m] Created slice System Slice.
[   18.791179] systemd[1]: Started Forward Password Requests to Wall Directory Watch.
[[0;32m  OK  [0m] Started Forward Password Requests to Wall Directory Watch.
[   18.842611] systemd[1]: Listening on Device-mapper event daemon FIFOs.
[[0;32m  OK  [0m] Listening on Device-mapper event daemon FIFOs.
[   18.898283] systemd[1]: Listening on Syslog Socket.
[[0;32m  OK  [0m] Listening on Syslog Socket.
[   18.913722] systemd[1]: Listening on Journal Socket.
[[0;32m  OK  [0m] Listening on Journal Socket.
[   18.958579] systemd[1]: Starting Load Kernel Modules...
[   19.049940] Loading iSCSI transport class v2.0-870.
         Starting Load Kernel Modules...
[   19.217043] systemd[1]: Starting Uncomplicated firewall...
         Starting Uncomplicated firewall...
[   19.294804] systemd[1]: Mounting Debug File System...
         Mounting Debug File System...
[   19.438400] systemd[1]: Mounting POSIX Message Queue File System...
         Mounting POSIX Message [   19.483552] iscsi: registered transport (tcp)
Queue File System...
[   19.585049] systemd[1]: Reached target Swap.
[[0;32m  OK  [0m] Reached target Swap.
[   19.624529] systemd[1]: Mounting Huge Pages File System...
         Mounting Huge Pages File System...
[   19.703018] systemd[1]: Listening on Journal Audit Socket.
[[0;32m  OK  [0m] Listening on Journal Audit Socket.
[   19.705959] systemd[1]: Reached target System Time Synchronized.
[[0;32m  OK  [0m] Reached target System Time Synchronized.
[   19.709149] systemd[1]: Set up automount Arbitrary Executable File Formats File System Automount Point.
[[0;32m  OK  [0m] Set up automount Arbitrary Executab...ats File System Automount Point.
[   19.721702] systemd[1]: Reached target Encrypted Volumes.
[[0;32m  OK  [0m] Reached target Encrypted Volumes.
[   19.727444] systemd[1]: Listening on /dev/initctl Compatibility Named Pipe.
[[0;32m  OK  [0m] Listening on /dev/initctl Compatibility Named Pipe.
[   19.741999] iscsi: registered transport (iser)
[   19.846680] systemd[1]: Starting Remount Root and Kernel File Systems...
[   19.869608] EXT4-fs (sda1): re-mounted. Opts: (null)
         Starting Remount Root and Kernel File Systems...
[   19.962763] systemd[1]: Listening on udev Control Socket.
[[0;32m  OK  [0m] Listening on udev Control Socket.
[   20.026693] systemd[1]: Starting Journal Service...
         Starting Journal Service...
[   20.039782] systemd[1]: Listening on LVM2 poll daemon socket.
[[0;32m  OK  [0m] Listening on LVM2 poll daemon socket.
[   20.043582] systemd[1]: Starting Set console keymap...
         Starting Set console keymap...
[   20.199247] systemd[1]: Listening on LVM2 metadata daemon socket.
[[0;32m  OK  [0m] Listening on LVM2 metadata daemon socket.
[   20.270725] systemd[1]: Starting Monitoring of LVM2 mirrors, snapshots etc. using dmeventd or progress polling...
         Starting Monitoring of LVM2 mirrors... dmeventd or progress polling...
[   20.361808] systemd[1]: Listening on udev Kernel Socket.
[[0;32m  OK  [0m] Listening on udev Kernel Socket.
[   20.363894] systemd[1]: Created slice system-serial\x2dgetty.slice.
[[0;32m  OK  [0m] Created slice system-serial\x2dgetty.slice.
[   20.512199] systemd[1]: Created slice User and Session Slice.
[[0;32m  OK  [0m] Created slice User and Session Slice.
[   20.746850] systemd[1]: Reached target Slices.
[[0;32m  OK  [0m] Reached target Slices.
[   20.943716] systemd[1]: Started Trigger resolvconf update for networkd DNS.
[[0;32m  OK  [0m] Started Trigger resolvconf update for networkd DNS.
[   21.254920] systemd[1]: Starting Create list of required static device nodes for the current kernel...
         Starting Create list of required st... nodes for the current kernel...
[   21.507644] systemd[1]: Starting Nameserver information manager...
         Starting Nameserver information manager...
[   21.583314] systemd[1]: Mounted Debug File System.
[[0;32m  OK  [0m] Mounted Debug File System.
[   21.604068] systemd[1]: Mounted POSIX Message Queue File System.
[[0;32m  OK  [0m] Mounted POSIX Message Queue File System.
[   21.662413] systemd[1]: Mounted Huge Pages File System.
[[0;32m  OK  [0m] Mounted Huge Pages File System.
[   21.754830] systemd[1]: Started Journal Service.
[[0;32m  OK  [0m] Started Journal Service.
[[0;32m  OK  [0m] Started Load Kernel Modules.
[[0;32m  OK  [0m] Started Uncomplicated firewall.
[[0;32m  OK  [0m] Started Remount Root and Kernel File Systems.
[[0;32m  OK  [0m] Started Set console keymap.
[[0;32m  OK  [0m] Started Create list of required sta...ce nodes for the current kernel.
[[0;32m  OK  [0m] Started LVM2 metadata daemon.
         Starting Create Static Device Nodes in /dev...
         Starting Load/Save Random Seed...
         Starting udev Coldplug all Devices...
         Starting Apply Kernel Variables...
         Mounting FUSE Control File System...
         Starting Flush Journal to Persistent Storage...
[[0;32m  OK  [0m] Mounted FUSE Control File System.
[[0;32m  OK  [0m] Started Monitoring of LVM2 mirrors,...ng dmeventd or progress polling.
[[0;32m  OK  [0m] Started Nameserver information manager.
[[0;32m  OK  [0m] Started Create Static Device Nodes in /dev.
[[0;32m  OK  [0m] Started Load/Save Random Seed.
[[0;32m  OK  [0m] Started Apply Kernel Variables.
[[0;32m  OK  [0m] Started udev Coldplug all Devices.
         Starting udev Kernel Device Manager...
[[0;32m  OK  [0m] Started Flush Journal to Persistent Storage.
[[0;32m  OK  [0m] Started udev Kernel Device Manager.
[[0;32m  OK  [0m] Reached target Local File Systems (Pre).
[[0;32m  OK  [0m] Reached target Local File Systems.
         Starting Set console font and keymap...
         Starting Tell Plymouth To Write Out Runtime Data...
         Starting Initial cloud-init job (pre-networking)...
         Starting LSB: AppArmor initialization...
[[0;32m  OK  [0m] Started Dispatch Password Requests to Console Directory Watch.
         Starting Create Volatile Files and Directories...
[[0;32m  OK  [0m] Started Tell Plymouth To Write Out Runtime Data.
[[0;32m  OK  [0m] Found device /dev/ttyS0.
[[0;32m  OK  [0m] Listening on Load/Save RF Kill Switch Status /dev/rfkill Watch.
[[0;32m  OK  [0m] Started Create Volatile Files and Directories.
         Starting Update UTMP about System Boot/Shutdown...
[[0;32m  OK  [0m] Found device 82540EM Gigabit Ethern...r (PRO/1000 MT Desktop Adapter).
[[0;32m  OK  [0m] Started Set console font and keymap.
[[0;32m  OK  [0m] Started Update UTMP about System Boot/Shutdown.
[[0;32m  OK  [0m] Created slice system-getty.slice.
[[0;32m  OK  [0m] Started LSB: AppArmor initialization.
[   19.933598] cloud-init[491]: Cloud-init v. 18.2 running 'init-local' at Thu, 19 Jul 2018 14:38:28 +0000. Up 19.26 seconds.
[[0;32m  OK  [0m] Started Initial cloud-init job (pre-networking).
[[0;32m  OK  [0m] Reached target Network (Pre).
         Starting Raise network interfaces...
[[0;32m  OK  [0m] Started ifup for enp0s3.
[[0;32m  OK  [0m] Started Raise network interfaces.
         Starting Initial cloud-init job (metadata service crawler)...
[[0;32m  OK  [0m] Reached target Network.
[   21.367417] cloud-init[993]: Cloud-init v. 18.2 running 'init' at Thu, 19 Jul 2018 14:38:30 +0000. Up 20.78 seconds.
[[0;32m  OK  [0m] Started Initial cloud-init job (metadata service crawler).
[[0;32m  OK  [0m] Reached target Cloud-config availability.
[[0;32m  OK  [0m] Reached target System Initialization.
[   21.499811] cloud-init[993]: ci-info: +++++++++++++++++++++++++++++++++++++Net device info++++++++++++++++++++++++++++++++++++++
[   21.800909] [cloud-init[0;32m  OK  [0m[993]: ] ci-info: +--------+------+----------------------------+---------------+-------+-------------------+Started Daily apt download activities.

[   21.985813] [cloud-init[0;32m  OK  [0m[993]: ] ci-info: | Device |  Up  |          Address           |      Mask     | Scope |     Hw-Address    |Listening on D-Bus System Message Bus Socket.

[   21.987184] [cloud-init[0;32m  OK  [0m[993]: ] ci-info: +--------+------+----------------------------+---------------+-------+-------------------+Listening on ACPID Listen Socket.

[   22.188457] [cloud-init[0;32m  OK  [0m[993]: ] ci-info: | enp0s3 | True |         10.0.2.15          | 255.255.255.0 |   .   | 02:40:c1:fa:9b:f5 |Started Daily apt upgrade and clean activities.

         Starting Socket activation for snappy daemon.
[[0;32m  OK  [0m] Listening on UUID daemon activation socket.
[   22.189131] cloud-init[993]: ci-info: | enp0s3 | True | fe80::40:c1ff:fefa:9bf5/64 |       .       |  link | 02:40:c1:fa:9b:f5 |
[   22.389001] [cloud-init[0;32m  OK  [0m[993]: ] ci-info: |   lo   | True |         127.0.0.1          |   255.0.0.0   |   .   |         .         |Started ACPI Events Check.

[[0;32m  OK  [0m] Reached target Paths.
[[0;32m  OK  [0m] Started Daily Cleanup of Temporary Directories.
[   22.390682] cloud-init[993]: ci-info: |   lo   | True |          ::1/128           |       .       |  host |         .         |
[   22.800808] cloud-init[993]: ci-info: +--------+------+----------------------------+---------------+-------+-------------------+
         Starting LXD - unix socket.
[   22.801818] [cloud-init[0;32m  OK  [0m[993]: ] ci-info: +++++++++++++++++++++++++++Route IPv4 info++++++++++++++++++++++++++++Reached target Timers.

[   23.116489] [cloud-init[0;32m  OK  [0m[993]: ] ci-info: +-------+-------------+----------+---------------+-----------+-------+Reached target Network is Online.

[   23.116864] cloud-init[993]: ci-info: | Route | Destination | Gateway  |    Genmask    | Interface | Flags |
[   23.354002]          cloud-initStarting iSCSI initiator daemon (iscsid)...[993]: 
ci-info: +-------+-------------+----------+---------------+-----------+-------+
[   23.477328] [cloud-init[0;32m  OK  [0m[993]: ] ci-info: |   0   |   0.0.0.0   | 10.0.2.2 |    0.0.0.0    |   enp0s3  |   UG  |Listening on Socket activation for snappy daemon.

[   23.478960] [cloud-init[0;32m  OK  [0m[993]: ] ci-info: |   1   |   10.0.2.0  | 0.0.0.0  | 255.255.255.0 |   enp0s3  |   U   |Listening on LXD - unix socket.

[[0;32m  OK  [0m] Reached target Sockets.
[   23.703978] cloud-init[993]: ci-info: +-------+-------------+----------+---------------+-----------+-------+
[[0;32m  OK  [0m] Reached target Basic System.
[[0;32m  OK  [0m] Started D-Bus System Message Bus.
[[0;32m  OK  [0m] Started FUSE filesystem for LXC.
[[0;32m  OK  [0m] Started Regular background program processing daemon.
         Starting System Logging Service...
         Starting LSB: MD monitoring daemon...
[[0;32m  OK  [0m] Started ACPI event daemon.
[[0;32m  OK  [0m] Started Unattended Upgrades Shutdown.
         Starting LXD - container startup/shutdown...
         Starting LSB: Record successful boot for GRUB...
[[0;32m  OK  [0m] Started Deferred execution scheduler.
         Starting OpenBSD Secure Shell server...
         Starting Accounts Service...
         Starting Apply the settings specified in cloud-config...
         Starting Login Service...
         Starting /etc/rc.local Compatibility...
         Starting Virtualbox guest utils...
         Starting Snappy daemon...
[[0;32m  OK  [0m] Started System Logging Service.
[[0;32m  OK  [0m] Started iSCSI initiator daemon (iscsid).
[[0;32m  OK  [0m] Started /etc/rc.local Compatibility.
         Starting Login to default iSCSI targets...
[[0;32m  OK  [0m] Started Login Service.
[[0;32m  OK  [0m] Started LSB: MD monitoring daemon.
[[0;32m  OK  [0m] Started LSB: Record successful boot for GRUB.
[   25.234112] cloud-init[1086]: Cloud-init v. 18.2 running 'modules:config' at Thu, 19 Jul 2018 14:38:34 +0000. Up 24.86 seconds.
[[0;32m  OK  [0m] Started Apply the settings specified in cloud-config.
[[0;32m  OK  [0m] Started Login to default iSCSI targets.
[[0;32m  OK  [0m] Started OpenBSD Secure Shell server.
[[0;32m  OK  [0m] Reached target Remote File Systems (Pre).
[[0;32m  OK  [0m] Reached target Remote File Systems.
         Starting LSB: Set the CPU Frequency Scaling governor to "ondemand"...
         Starting Permit User Sessions...
         Starting LSB: daemon to balance interrupts for SMP systems...
         Starting LSB: automatic crash report generation...
[[0;32m  OK  [0m] Started Permit User Sessions.
[[0;32m  OK  [0m] Started LSB: Set the CPU Frequency Scaling governor to "ondemand".
[[0;32m  OK  [0m] Started Virtualbox guest utils.
         Starting Authenticate and Authorize Users to Run Privileged Tasks...
         Starting Terminate Plymouth Boot Screen...
         Starting Hold until boot process finishes up...
[[0;32m  OK  [0m] Started LSB: daemon to balance interrupts for SMP systems.
[[0;32m  OK  [0m] Started LSB: automatic crash report generation.
[[0;32m  OK  [0m] Started Terminate Plymouth Boot Screen.
[[0;32m  OK  [0m] Started Hold until boot process finishes up.
[[0;32m  OK  [0m] Started Authenticate and Authorize Users to Run Privileged Tasks.
[[0;32m  OK  [0m] Started Accounts Service.
[[0;32m  OK  [0m] Started Getty on tty1.
[[0;32m  OK  [0m] Started Serial Getty on ttyS0.
[[0;32m  OK  [0m] Reached target Login Prompts.
         Starting Set console scheme...
[[0;32m  OK  [0m] Started LXD - container startup/shutdown.
[[0;32m  OK  [0m] Started Set console scheme.
[[0;32m  OK  [0m] Started Snappy daemon.
         Starting Wait until snapd is fully seeded...
[[0;32m  OK  [0m] Started Wait until snapd is fully seeded.
[[0;32m  OK  [0m] Reached target Multi-User System.
         Starting Execute cloud user/final scripts...
[[0;32m  OK  [0m] Reached target Graphical Interface.
         Starting Update UTMP about System Runlevel Changes...
[[0;32m  OK  [0m] Started Update UTMP about System Runlevel Changes.
[   27.447211] cloud-init[1224]: Cloud-init v. 18.2 running 'modules:final' at Thu, 19 Jul 2018 14:38:36 +0000. Up 27.32 seconds.
[   27.488288] cloud-init[1224]: Cloud-init v. 18.2 finished at Thu, 19 Jul 2018 14:38:36 +0000. Datasource DataSourceNoCloud [seed=/dev/sdb][dsmode=net].  Up 27.44 seconds
[[0;32m  OK  [0m] Started Execute cloud user/final scripts.
[[0;32m  OK  [0m] Reached target Cloud-init target.
         Starting Daily apt download activities...
[[0;32m  OK  [0m] Created slice User Slice of vagrant.
         Starting User Manager for UID 1000...
[[0;32m  OK  [0m] Started Session 1 of user vagrant.
[[0;32m  OK  [0m] Started User Manager for UID 1000.

Ubuntu 16.04.4 LTS ubuntu-xenial ttyS0

ubuntu-xenial login: 